Solicitação POST recebidaSolicitação POST recebidaAção recebida: admin_loginAção recebida: admin_loginTentativa de login do admin: email=contato@ercont.com.brTentativa de login do admin: email=contato@ercont.com.brSolicitação POST recebidaAção recebida: Solicitação recebida: []JSON decodificado: Array
(
    [action] => admin_logout
)
Ação: admin_logoutTentativa de logout do administradorLogout do administrador realizado com sucessoSolicitação POST recebidaAção recebida: admin_loginTentativa de login do admin: email=contato@ercont.com.brSolicitação POST recebidaAção recebida: admin_loginSolicitação POST recebidaAção recebida: Solicitação recebida: []JSON decodificado: Array
(
    [action] => admin_logout
)
Ação: admin_logoutTentativa de logout do administradorLogout do administrador realizado com sucessoSolicitação POST recebidaAção recebida: admin_loginTentativa de login do admin: email=contato@ercont.com.brSolicitação POST recebidaAção recebida: admin_loginSolicitação POST recebidaAção recebida: Solicitação recebida: []JSON decodificado: Array
(
    [action] => admin_logout
)
Ação: admin_logoutTentativa de logout do administradorLogout do administrador realizado com sucessoSolicitação POST recebidaAção recebida: cadastrar_email_adminSolicitação recebida: {"email":"antonioernandes25@gmail.com","senha":"1234","action":"cadastrar_email_admin"}Dados de formulário recebidos: Array
(
    [email] => antonioernandes25@gmail.com
    [senha] => 1234
    [action] => cadastrar_email_admin
)
Ação: cadastrar_email_adminSolicitação POST recebidaAção recebida: admin_loginTentativa de login do admin: email=contato@ercont.com.brSolicitação POST recebidaAção recebida: admin_loginSolicitação POST recebidaAção recebida: cadastrar_email_adminSolicitação recebida: {"email":"antonioernandes25@gmail.com","senha":"250200","action":"cadastrar_email_admin"}Dados de formulário recebidos: Array
(
    [email] => antonioernandes25@gmail.com
    [senha] => 250200
    [action] => cadastrar_email_admin
)
Ação: cadastrar_email_adminSolicitação POST recebidaAção recebida: admin_loginSolicitação POST recebidaAção recebida: admin_loginSolicitação POST recebidaAção recebida: admin_loginSolicitação POST recebidaAção recebida: admin_loginSolicitação POST recebidaAção recebida: admin_loginSolicitação POST recebidaAção recebida: admin_loginSolicitação POST recebidaAção recebida: cadastrar_email_adminSolicitação recebida: {"email":"antonioernandes25@gmail.com","senha":"250200","action":"cadastrar_email_admin"}Dados de formulário recebidos: Array
(
    [email] => antonioernandes25@gmail.com
    [senha] => 250200
    [action] => cadastrar_email_admin
)
Ação: cadastrar_email_adminSolicitação POST recebidaAção recebida: cadastrar_email_adminSolicitação recebida: {"email":"antonioernandes25@gmail.com","senha":"250200er","action":"cadastrar_email_admin"}Dados de formulário recebidos: Array
(
    [email] => antonioernandes25@gmail.com
    [senha] => 250200er
    [action] => cadastrar_email_admin
)
Ação: cadastrar_email_adminSolicitação POST recebidaAção recebida: admin_loginTentativa de login do admin: email=contato@ercont.com.brSolicitação POST recebidaAção recebida: admin_loginTentativa de login do admin: email=contato@ercont.com.brSolicitação POST recebidaAção recebida: cadastrar_email_adminSolicitação recebida: {"email":"antonioernandes25@gmail.com","senha":"250200er","action":"cadastrar_email_admin"}Dados de formulário recebidos: Array
(
    [email] => antonioernandes25@gmail.com
    [senha] => 250200er
    [action] => cadastrar_email_admin
)
Ação: cadastrar_email_adminSolicitação POST recebidaAção recebida: cadastrar_email_adminSolicitação recebida: {"email":"antonioernandes25@gmail.com","senha":"250200er","action":"cadastrar_email_admin"}Dados de formulário recebidos: Array
(
    [email] => antonioernandes25@gmail.com
    [senha] => 250200er
    [action] => cadastrar_email_admin
)
Ação: cadastrar_email_adminSolicitação POST recebidaAção recebida: Solicitação recebida: []JSON decodificado: Array
(
    [action] => get_users
)
Ação: get_usersSolicitação POST recebidaAção recebida: Solicitação recebida: []JSON decodificado: Array
(
    [action] => admin_logout
)
Ação: admin_logoutTentativa de logout do administradorLogout do administrador realizado com sucessoSolicitação POST recebidaAção recebida: admin_loginTentativa de login do admin: email=contato@ercont.com.brSolicitação POST recebidaAção recebida: admin_loginSolicitação POST recebidaAção recebida: Solicitação recebida: []JSON decodificado: Array
(
    [action] => get_users
)
Ação: get_usersSolicitação POST recebidaAção recebida: Solicitação recebida: []JSON decodificado: Array
(
    [action] => admin_logout
)
Ação: admin_logoutTentativa de logout do administradorLogout do administrador realizado com sucessoSolicitação POST recebidaAção recebida: cadastrar_email_adminSolicitação recebida: {"email":"antonioernandes25@gmail.com","senha":"250200","action":"cadastrar_email_admin"}Dados de formulário recebidos: Array
(
    [email] => antonioernandes25@gmail.com
    [senha] => 250200
    [action] => cadastrar_email_admin
)
Ação: cadastrar_email_adminSolicitação POST recebidaAção recebida: admin_loginTentativa de login do admin: email=contato@ercont.com.brSolicitação POST recebidaAção recebida: admin_loginTentativa de login do admin: email=contato@ercont.com.brSolicitação POST recebidaAção recebida: admin_loginTentativa de login do admin: email=contato@ercont.com.brSolicitação POST recebidaAção recebida: admin_loginTentativa de login do admin: email=contato@ercont.com.brSolicitação POST recebidaAção recebida: cadastrar_email_adminSolicitação recebida: {"email":"antonioernandes25@gmail.com","senha":"250200","action":"cadastrar_email_admin"}Dados de formulário recebidos: Array
(
    [email] => antonioernandes25@gmail.com
    [senha] => 250200
    [action] => cadastrar_email_admin
)
Ação: cadastrar_email_adminTentativa de cadastro de email admin: email=antonioernandes25@gmail.comSolicitação POST recebidaAção recebida: loginSolicitação recebida: {"usuario":"fifo@gmail.com","senha":"1234","action":"login"}Dados de formulário recebidos: Array
(
    [usuario] => fifo@gmail.com
    [senha] => 1234
    [action] => login
)
Ação: loginTentativa de login: usuario=fifo@gmail.comSolicitação POST recebidaAção recebida: Solicitação recebida: []JSON decodificado: Array
(
    [action] => save_quiz_result
    [user] => fifo@gmail.com
    [score] => 138
)
Ação: save_quiz_resultSalvando resultado do quiz: user=fifo@gmail.com, score=138Solicitação POST recebidaAção recebida: admin_loginTentativa de login do admin: email=contato@ercont.com.brSolicitação POST recebidaAção recebida: admin_loginTentativa de login do admin: email=contato@ercont.com.brSolicitação POST recebidaAção recebida: Solicitação recebida: []JSON decodificado: Array
(
    [action] => get_users
)
Ação: get_usersSolicitação POST recebidaAção recebida: admin_loginTentativa de login do admin: email=contato@ercont.com.brSolicitação POST recebidaAção recebida: admin_loginTentativa de login do admin: email=contato@ercont.com.brSolicitação POST recebidaAção recebida: admin_loginTentativa de login do admin: email=contato@ercont.com.brSolicitação POST recebidaAção recebida: admin_loginTentativa de login do admin: email=contato@ercont.com.brSolicitação POST recebidaAção recebida: admin_loginTentativa de login do admin: email=contato@ercont.com.brSolicitação POST recebidaAção recebida: admin_loginTentativa de login do admin: email=contato@ercont.com.brSolicitação POST recebidaAção recebida: cadastrar_email_adminSolicitação recebida: {"email":"antonioernandes25@gmail.com","senha":"250200","action":"cadastrar_email_admin"}Dados de formulário recebidos: Array
(
    [email] => antonioernandes25@gmail.com
    [senha] => 250200
    [action] => cadastrar_email_admin
)
Ação: cadastrar_email_adminTentativa de cadastro de email admin: email=antonioernandes25@gmail.comSolicitação POST recebidaSolicitação POST recebidaAção recebida: admin_loginAção recebida: admin_loginTentativa de login do admin: email=contato@ercont.com.brTentativa de login do admin: email=contato@ercont.com.brSolicitação POST recebidaAção recebida: cadastrar_email_adminSolicitação recebida: {"email":"antonioernandes25@gmail.com","senha":"250200","action":"cadastrar_email_admin"}Dados de formulário recebidos: Array
(
    [email] => antonioernandes25@gmail.com
    [senha] => 250200
    [action] => cadastrar_email_admin
)
Ação: cadastrar_email_adminTentativa de cadastro de email admin: email=antonioernandes25@gmail.comSolicitação POST recebidaAção recebida: loginSolicitação recebida: {"usuario":"fifo@gmail.com","senha":"1234","action":"login"}Dados de formulário recebidos: Array
(
    [usuario] => fifo@gmail.com
    [senha] => 1234
    [action] => login
)
Ação: loginTentativa de login: usuario=fifo@gmail.comSolicitação POST recebidaAção recebida: admin_loginTentativa de login do admin: email=contato@ercont.com.brSolicitação POST recebidaAção recebida: admin_loginTentativa de login do admin: email=contato@ercont.com.brSolicitação POST recebidaAção recebida: Solicitação recebida: []JSON decodificado: Array
(
    [action] => get_users
)
Ação: get_usersSolicitação POST recebidaAção recebida: admin_loginTentativa de login do admin: email=contato@ercont.com.brSolicitação POST recebidaAção recebida: admin_loginTentativa de login do admin: email=contato@ercont.com.brSolicitação POST recebidaAção recebida: admin_loginTentativa de login do admin: email=contato@ercont.com.brSolicitação POST recebidaAção recebida: admin_loginTentativa de login do admin: email=contato@ercont.com.brSolicitação POST recebidaAção recebida: Solicitação recebida: []JSON decodificado: Array
(
    [action] => get_users
)
Ação: get_usersSolicitação POST recebidaAção recebida: admin_loginTentativa de login do admin: email=contato@ercont.com.brSolicitação POST recebidaAção recebida: admin_loginTentativa de login do admin: email=contato@ercont.com.brSolicitação POST recebidaAção recebida: admin_loginTentativa de login do admin: email=contato@ercont.com.brSolicitação POST recebidaAção recebida: admin_loginTentativa de login do admin: email=contato@ercont.com.brSolicitação POST recebidaAção recebida: admin_loginTentativa de login do admin: email=contato@ercont.com.brSolicitação POST recebidaAção recebida: admin_loginTentativa de login do admin: email=contato@ercont.com.brSolicitação POST recebidaAção recebida: admin_loginTentativa de login do admin: email=contato@ercont.com.brSolicitação POST recebidaAção recebida: admin_loginTentativa de login do admin: email=contato@ercont.com.brSolicitação POST recebidaAção recebida: admin_loginTentativa de login do admin: email=contato@ercont.com.brSolicitação POST recebidaAção recebida: admin_loginTentativa de login do admin: email=contato@ercont.com.brSolicitação POST recebidaAção recebida: admin_loginTentativa de login do admin: email=contato@ercont.com.brSolicitação POST recebidaAção recebida: admin_loginTentativa de login do admin: email=contato@ercont.com.brSolicitação POST recebidaSolicitação POST recebidaAção recebida: admin_loginAção recebida: admin_loginTentativa de login do admin: email=contato@ercont.com.brTentativa de login do admin: email=contato@ercont.com.brSolicitação POST recebidaAção recebida: admin_loginSolicitação POST recebidaTentativa de login do admin: email=contato@ercont.com.brAção recebida: admin_loginTentativa de login do admin: email=contato@ercont.com.brSolicitação POST recebidaAção recebida: admin_loginTentativa de login do admin: email=contato@ercont.com.brSolicitação POST recebidaAção recebida: admin_loginTentativa de login do admin: email=contato@ercont.com.brSolicitação POST recebidaAção recebida: admin_loginTentativa de login do admin: email=contato@ercont.com.brSolicitação POST recebidaAção recebida: admin_loginTentativa de login do admin: email=contato@ercont.com.brSolicitação POST recebidaAção recebida: admin_loginTentativa de login do admin: email=contato@ercont.com.brSolicitação POST recebidaAção recebida: admin_loginTentativa de login do admin: email=contato@ercont.com.brSolicitação POST recebidaAção recebida: admin_loginTentativa de login do admin: email=contato@ercont.com.brSolicitação POST recebidaAção recebida: admin_loginTentativa de login do admin: email=contato@ercont.com.brSolicitação POST recebidaAção recebida: admin_loginSolicitação POST recebidaTentativa de login do admin: email=contato@ercont.com.brAção recebida: admin_loginTentativa de login do admin: email=contato@ercont.com.brSolicitação POST recebidaAção recebida: admin_loginTentativa de login do admin: email=contato@ercont.com.brSolicitação POST recebidaAção recebida: admin_loginTentativa de login do admin: email=contato@ercont.com.brSolicitação POST recebidaAção recebida: admin_loginTentativa de login do admin: email=contato@ercont.com.brSolicitação POST recebidaAção recebida: admin_loginTentativa de login do admin: email=contato@ercont.com.brSolicitação POST recebidaAção recebida: admin_loginTentativa de login do admin: email=contato@ercont.com.brSolicitação POST recebidaAção recebida: admin_loginTentativa de login do admin: email=contato@ercont.com.brSolicitação POST recebidaAção recebida: admin_loginTentativa de login do admin: email=contato@ercont.com.brSolicitação POST recebidaAção recebida: admin_loginTentativa de login do admin: email=contato@ercont.com.brSolicitação POST recebidaAção recebida: admin_loginTentativa de login do admin: email=contato@ercont.com.brSolicitação POST recebidaAção recebida: admin_loginTentativa de login do admin: email=contato@ercont.com.brSolicitação POST recebidaAção recebida: admin_loginTentativa de login do admin: email=contato@ercont.com.brSolicitação POST recebidaAção recebida: admin_loginTentativa de login do admin: email=contato@ercont.com.brSolicitação POST recebidaAção recebida: admin_loginTentativa de login do admin: email=contato@ercont.com.brSolicitação POST recebidaAção recebida: admin_loginTentativa de login do admin: email=contato@ercont.com.brSolicitação POST recebidaAção recebida: admin_loginTentativa de login do admin: email=contato@ercont.com.brSolicitação POST recebidaAção recebida: admin_loginTentativa de login do admin: email=contato@ercont.com.brSolicitação POST recebidaAção recebida: admin_loginTentativa de login do admin: email=contato@ercont.com.brSolicitação POST recebidaAção recebida: admin_loginTentativa de login do admin: email=contato@ercont.com.brSolicitação POST recebidaAção recebida: admin_loginTentativa de login do admin: email=contato@ercont.com.brSolicitação POST recebidaAção recebida: admin_loginTentativa de login do admin: email=contato@ercont.com.brSolicitação POST recebidaAção recebida: admin_loginTentativa de login do admin: email=contato@ercont.com.brSolicitação POST recebidaAção recebida: admin_loginTentativa de login do admin: email=contato@ercont.com.brSolicitação POST recebidaAção recebida: admin_loginTentativa de login do admin: email=contato@ercont.com.brSolicitação POST recebidaAção recebida: admin_loginTentativa de login do admin: email=contato@ercont.com.brSolicitação POST recebidaSolicitação POST recebidaAção recebida: admin_loginAção recebida: admin_loginTentativa de login do admin: email=contato@ercont.com.brTentativa de login do admin: email=contato@ercont.com.brSolicitação POST recebidaAção recebida: admin_loginTentativa de login do admin: email=contato@ercont.com.brSolicitação POST recebidaAção recebida: admin_loginTentativa de login do admin: email=contato@ercont.com.brSolicitação POST recebidaAção recebida: admin_loginTentativa de login do admin: email=contato@ercont.com.brSolicitação POST recebidaAção recebida: admin_loginTentativa de login do admin: email=contato@ercont.com.brSolicitação POST recebidaAção recebida: admin_loginTentativa de login do admin: email=contato@ercont.com.brSolicitação POST recebidaAção recebida: admin_loginTentativa de login do admin: email=contato@ercont.com.brSolicitação POST recebidaAção recebida: admin_loginTentativa de login do admin: email=contato@ercont.com.brSolicitação POST recebidaAção recebida: admin_loginTentativa de login do admin: email=contato@ercont.com.brSolicitação POST recebidaAção recebida: admin_loginTentativa de login do admin: email=contato@ercont.com.brSolicitação POST recebidaAção recebida: admin_loginTentativa de login do admin: email=contato@ercont.com.brSolicitação POST recebidaAção recebida: admin_loginTentativa de login do admin: email=contato@ercont.com.brSolicitação POST recebidaAção recebida: admin_loginTentativa de login do admin: email=contato@ercont.com.brSolicitação POST recebidaAção recebida: admin_loginTentativa de login do admin: email=contato@ercont.com.brSolicitação POST recebidaAção recebida: Solicitação recebida: []JSON decodificado: Array
(
    [action] => get_users
)
Ação: get_usersSolicitação POST recebidaAção recebida: admin_loginTentativa de login do admin: email=contato@ercont.com.brSolicitação POST recebidaAção recebida: admin_loginTentativa de login do admin: email=contato@ercont.com.brSolicitação POST recebidaAção recebida: admin_loginTentativa de login do admin: email=contato@ercont.com.brSolicitação POST recebidaAção recebida: cadastrar_email_adminSolicitação recebida: {"email":"antonioernandes25@gmail.com","senha":"250200","action":"cadastrar_email_admin"}Dados de formulário recebidos: Array
(
    [email] => antonioernandes25@gmail.com
    [senha] => 250200
    [action] => cadastrar_email_admin
)
Ação: cadastrar_email_adminTentativa de cadastro de email admin: email=antonioernandes25@gmail.comSolicitação POST recebidaAção recebida: cadastrar_email_adminSolicitação recebida: {"email":"antonioernandes25@gmail.com","senha":"250200","action":"cadastrar_email_admin"}Dados de formulário recebidos: Array
(
    [email] => antonioernandes25@gmail.com
    [senha] => 250200
    [action] => cadastrar_email_admin
)
Ação: cadastrar_email_adminTentativa de cadastro de email admin: email=antonioernandes25@gmail.comSolicitação POST recebidaAção recebida: cadastrar_email_adminSolicitação recebida: {"email":"antonioernandes25@gmail.com","senha":"250200","action":"cadastrar_email_admin"}Dados de formulário recebidos: Array
(
    [email] => antonioernandes25@gmail.com
    [senha] => 250200
    [action] => cadastrar_email_admin
)
Ação: cadastrar_email_adminSolicitação POST recebidaAção recebida: admin_loginTentativa de login do admin: email=contato@ercont.com.brSolicitação POST recebidaAção recebida: admin_loginTentativa de login do admin: email=contato@ercont.com.brSolicitação POST recebidaAção recebida: admin_loginTentativa de login do admin: email=contato@ercont.com.brSolicitação POST recebidaAção recebida: cadastrar_email_adminSolicitação recebida: {"email":"contato@ercont.com.br","senha":"250200er25*","action":"cadastrar_email_admin"}Dados de formulário recebidos: Array
(
    [email] => contato@ercont.com.br
    [senha] => 250200er25*
    [action] => cadastrar_email_admin
)
Ação: cadastrar_email_adminTentativa de cadastro de email admin: email=contato@ercont.com.brSolicitação POST recebidaAção recebida: admin_loginTentativa de login do admin: email=contato@ercont.com.brSolicitação POST recebidaAção recebida: admin_loginTentativa de login do admin: email=contato@ercont.com.brSolicitação POST recebidaAção recebida: admin_loginTentativa de login do admin: email=contato@ercont.com.brSolicitação POST recebidaAção recebida: cadastrar_email_adminSolicitação recebida: {"email":"contato@ercont.com.br","senha":"250200er25*","action":"cadastrar_email_admin"}Dados de formulário recebidos: Array
(
    [email] => contato@ercont.com.br
    [senha] => 250200er25*
    [action] => cadastrar_email_admin
)
Ação: cadastrar_email_adminSolicitação POST recebidaAção recebida: admin_loginTentativa de login do admin: email=contato@ercont.com.brSolicitação POST recebidaAção recebida: admin_loginTentativa de login do admin: email=contato@ercont.com.brSolicitação POST recebidaAção recebida: admin_loginTentativa de login do admin: email=contato@ercont.com.brSolicitação POST recebidaAção recebida: admin_loginTentativa de login do admin: email=contato@ercont.com.brSolicitação POST recebidaAção recebida: admin_loginTentativa de login do admin: email=contato@ercont.com.brSolicitação POST recebidaAção recebida: admin_loginTentativa de login do admin: email=contato@ercont.com.brSolicitação POST recebidaAção recebida: admin_loginTentativa de login do admin: email=contato@ercont.com.brSolicitação POST recebidaAção recebida: admin_loginTentativa de login do admin: email=contato@ercont.com.brSolicitação POST recebidaAção recebida: admin_loginTentativa de login do admin: email=contato@ercont.com.brSolicitação POST recebidaAção recebida: Solicitação recebida: []JSON decodificado: Array
(
    [action] => get_users
)
Ação: get_usersSolicitação POST recebidaAção recebida: admin_loginTentativa de login do admin: email=contato@ercont.com.brSolicitação POST recebidaAção recebida: admin_loginTentativa de login do admin: email=contato@ercont.com.brSolicitação POST recebidaAção recebida: admin_loginTentativa de login do admin: email=contato@ercont.com.brSolicitação POST recebidaAção recebida: Solicitação recebida: []JSON decodificado: Array
(
    [action] => get_users
)
Ação: get_usersSolicitação POST recebidaAção recebida: loginSolicitação recebida: {"usuario":"fifo@gmail.com","senha":"1234","action":"login"}Dados de formulário recebidos: Array
(
    [usuario] => fifo@gmail.com
    [senha] => 1234
    [action] => login
)
Ação: loginTentativa de login: usuario=fifo@gmail.comSolicitação POST recebidaAção recebida: loginSolicitação recebida: {"usuario":"fifo@gmail.com","senha":"1234","action":"login"}Dados de formulário recebidos: Array
(
    [usuario] => fifo@gmail.com
    [senha] => 1234
    [action] => login
)
Ação: loginTentativa de login: usuario=fifo@gmail.comSolicitação POST recebidaAção recebida: recuperar_senhaTentativa de recuperação de senha: email=antonioernandes25@gmail.comEmail não encontrado: antonioernandes25@gmail.comSolicitação POST recebidaAção recebida: cadastroSolicitação recebida: {"nome":"ernandes","email":"antonioernandes25@gmail.com","telefone":"34998142525","nova_senha":"1234","action":"cadastro","novo_usuario":"antonioernandes25@gmail.com"}Dados de formulário recebidos: Array
(
    [nome] => ernandes
    [email] => antonioernandes25@gmail.com
    [telefone] => 34998142525
    [nova_senha] => 1234
    [action] => cadastro
    [novo_usuario] => antonioernandes25@gmail.com
)
Ação: cadastroTentativa de cadastro: usuario=antonioernandes25@gmail.comSolicitação POST recebidaAção recebida: recuperar_senhaTentativa de recuperação de senha: email=antonioernandes25@gmail.comEmail não encontrado: antonioernandes25@gmail.comSolicitação POST recebidaAção recebida: recuperar_senhaTentativa de recuperação de senha: email=contato@ercont.com.brEmail encontrado: contato@ercont.com.brToken gerado: 68fa69a98cf2885e6e37f53d5f610e067489c39b57327cef032669a644345dbf93f53e7a42de0c1868edbcab6c40e39ac88eSenha descriptografada: 250200er25*Configurando PHPMailerDestinatário adicionado: contato@ercont.com.brConteúdo do e-mail configuradoEmail enviado para: contato@ercont.com.brSolicitação POST recebidaAção recebida: recuperar_senhaTentativa de recuperação de senha: email=antonioernandes25@gmail.comEmail não encontrado: antonioernandes25@gmail.com